// Jest Snapshot v1, https://goo.gl/fbAQLP

exports[`ProfilePage component component matches snapshot 1`] = `""`;
