// Jest Snapshot v1, https://goo.gl/fbAQLP

exports[`ReviewLessonPage component component matches snapshot 1`] = `
<styled.div>
  memous supremous
</styled.div>
`;
