// Jest Snapshot v1, https://goo.gl/fbAQLP

exports[`Footer component component matches snapshot 1`] = `
<styled.div>
  Â© Njoy Learning 2020. All rights reserved
</styled.div>
`;
