// Jest Snapshot v1, https://goo.gl/fbAQLP

exports[`LoadingSpinner component component matches snapshot 1`] = `
<styled.div>
  <styled.img
    alt="loading"
    src="ajax-loader.gif"
    width="100px"
  />
</styled.div>
`;
