// Jest Snapshot v1, https://goo.gl/fbAQLP

exports[`BigButton component BigButton matches snapshot 1`] = `
<styled.button
  onClick={[Function]}
>
  BigButton
</styled.button>
`;
