// Jest Snapshot v1, https://goo.gl/fbAQLP

exports[`LoginError component component matches snapshot 1`] = `<styled.div />`;
