// Jest Snapshot v1, https://goo.gl/fbAQLP

exports[`LearnPage component component matches snapshot 1`] = `
<styled.div>
  <CoursesSearch
    courses={Array []}
    isLoading={false}
  />
  <PopularCourses
    courses={Array []}
    isLoading={false}
  />
</styled.div>
`;
