// Jest Snapshot v1, https://goo.gl/fbAQLP

exports[`LessonPage component component matches snapshot 1`] = `""`;
