// Jest Snapshot v1, https://goo.gl/fbAQLP

exports[`TheoryPage component component matches snapshot 1`] = `""`;
