// Jest Snapshot v1, https://goo.gl/fbAQLP

exports[`TextEditor component component matches snapshot 1`] = `
<ReactAce
  cursorStart={1}
  editorProps={Object {}}
  enableBasicAutocompletion={false}
  enableLiveAutocompletion={false}
  enableSnippets={false}
  focus={false}
  fontSize={14}
  height="20vh"
  highlightActiveLine={false}
  maxLines={15}
  minLines={0}
  mode="java"
  name="blah2"
  navigateToFileEnd={true}
  onChange={null}
  onLoad={null}
  onPaste={null}
  onScroll={null}
  placeholder=""
  readOnly={true}
  scrollMargin={
    Array [
      0,
      0,
      0,
      0,
    ]
  }
  setOptions={Object {}}
  showGutter={true}
  showPrintMargin={true}
  style={
    Object {
      "margin": "auto",
    }
  }
  tabSize={4}
  theme="monokai"
  value="Value"
  width="500px"
  wrapEnabled={false}
/>
`;
