// Jest Snapshot v1, https://goo.gl/fbAQLP

exports[`Logo component component matches snapshot 1`] = `
<styled.img
  alt="Logo"
  src="logo.png"
/>
`;
