// Jest Snapshot v1, https://goo.gl/fbAQLP

exports[`PracticalQuizPage component component matches snapshot 1`] = `<Fragment />`;
